                                      1 ;--------------------------------------------------------
                                      2 ; File Created by SDCC : free open source ISO C Compiler
                                      3 ; Version 4.5.0 #15242 (MINGW64)
                                      4 ;--------------------------------------------------------
                                      5 	.module usb_descr
                                      6 	
                                      7 	.optsdcc -mmcs51 --model-small
                                      8 ;--------------------------------------------------------
                                      9 ; Public variables in this module
                                     10 ;--------------------------------------------------------
                                     11 	.globl _InterfDescr
                                     12 	.globl _SerDescr
                                     13 	.globl _ProdDescr
                                     14 	.globl _ManufDescr
                                     15 	.globl _LangDescr
                                     16 	.globl _ReportDescrLen
                                     17 	.globl _ReportDescr
                                     18 	.globl _CfgDescr
                                     19 	.globl _DevDescr
                                     20 ;--------------------------------------------------------
                                     21 ; special function registers
                                     22 ;--------------------------------------------------------
                                     23 	.area RSEG    (ABS,DATA)
      000000                         24 	.org 0x0000
                                     25 ;--------------------------------------------------------
                                     26 ; special function bits
                                     27 ;--------------------------------------------------------
                                     28 	.area RSEG    (ABS,DATA)
      000000                         29 	.org 0x0000
                                     30 ;--------------------------------------------------------
                                     31 ; overlayable register banks
                                     32 ;--------------------------------------------------------
                                     33 	.area REG_BANK_0	(REL,OVR,DATA)
      000000                         34 	.ds 8
                                     35 ;--------------------------------------------------------
                                     36 ; internal ram data
                                     37 ;--------------------------------------------------------
                                     38 	.area DSEG    (DATA)
                                     39 ;--------------------------------------------------------
                                     40 ; overlayable items in internal ram
                                     41 ;--------------------------------------------------------
                                     42 ;--------------------------------------------------------
                                     43 ; indirectly addressable internal ram data
                                     44 ;--------------------------------------------------------
                                     45 	.area ISEG    (DATA)
                                     46 ;--------------------------------------------------------
                                     47 ; absolute internal ram data
                                     48 ;--------------------------------------------------------
                                     49 	.area IABS    (ABS,DATA)
                                     50 	.area IABS    (ABS,DATA)
                                     51 ;--------------------------------------------------------
                                     52 ; bit data
                                     53 ;--------------------------------------------------------
                                     54 	.area BSEG    (BIT)
                                     55 ;--------------------------------------------------------
                                     56 ; paged external ram data
                                     57 ;--------------------------------------------------------
                                     58 	.area PSEG    (PAG,XDATA)
                                     59 ;--------------------------------------------------------
                                     60 ; uninitialized external ram data
                                     61 ;--------------------------------------------------------
                                     62 	.area XSEG    (XDATA)
                                     63 ;--------------------------------------------------------
                                     64 ; absolute external ram data
                                     65 ;--------------------------------------------------------
                                     66 	.area XABS    (ABS,XDATA)
                                     67 ;--------------------------------------------------------
                                     68 ; initialized external ram data
                                     69 ;--------------------------------------------------------
                                     70 	.area HOME    (CODE)
                                     71 	.area GSINIT0 (CODE)
                                     72 	.area GSINIT1 (CODE)
                                     73 	.area GSINIT2 (CODE)
                                     74 	.area GSINIT3 (CODE)
                                     75 	.area GSINIT4 (CODE)
                                     76 	.area GSINIT5 (CODE)
                                     77 	.area GSINIT  (CODE)
                                     78 	.area GSFINAL (CODE)
                                     79 	.area CSEG    (CODE)
                                     80 ;--------------------------------------------------------
                                     81 ; global & static initialisations
                                     82 ;--------------------------------------------------------
                                     83 	.area HOME    (CODE)
                                     84 	.area GSINIT  (CODE)
                                     85 	.area GSFINAL (CODE)
                                     86 	.area GSINIT  (CODE)
                                     87 ;--------------------------------------------------------
                                     88 ; Home
                                     89 ;--------------------------------------------------------
                                     90 	.area HOME    (CODE)
                                     91 	.area HOME    (CODE)
                                     92 ;--------------------------------------------------------
                                     93 ; code
                                     94 ;--------------------------------------------------------
                                     95 	.area CSEG    (CODE)
                                     96 	.area CSEG    (CODE)
                                     97 	.area CONST   (CODE)
                                     98 	.area CONST   (CODE)
      000000                         99 _DevDescr:
      000000 12                     100 	.db #0x12	; 18
      000001 01                     101 	.db #0x01	; 1
      000002 10 01                  102 	.byte #0x10, #0x01	; 272
      000004 00                     103 	.db #0x00	; 0
      000005 00                     104 	.db #0x00	; 0
      000006 00                     105 	.db #0x00	; 0
      000007 08                     106 	.db #0x08	; 8
      000008 C0 16                  107 	.byte #0xc0, #0x16	; 5824
      00000A DA 27                  108 	.byte #0xda, #0x27	; 10202
      00000C 00 01                  109 	.byte #0x00, #0x01	; 256
      00000E 01                     110 	.db #0x01	; 1
      00000F 02                     111 	.db #0x02	; 2
      000010 03                     112 	.db #0x03	; 3
      000011 01                     113 	.db #0x01	; 1
                                    114 	.area CSEG    (CODE)
                                    115 	.area CONST   (CODE)
      000012                        116 _CfgDescr:
      000012 09                     117 	.db #0x09	; 9
      000013 02                     118 	.db #0x02	; 2
      000014 22 00                  119 	.byte #0x22, #0x00	; 34
      000016 01                     120 	.db #0x01	; 1
      000017 01                     121 	.db #0x01	; 1
      000018 00                     122 	.db #0x00	; 0
      000019 80                     123 	.db #0x80	; 128
      00001A 19                     124 	.db #0x19	; 25
      00001B 09                     125 	.db #0x09	; 9
      00001C 04                     126 	.db #0x04	; 4
      00001D 00                     127 	.db #0x00	; 0
      00001E 00                     128 	.db #0x00	; 0
      00001F 01                     129 	.db #0x01	; 1
      000020 03                     130 	.db #0x03	; 3
      000021 01                     131 	.db #0x01	; 1
      000022 02                     132 	.db #0x02	; 2
      000023 04                     133 	.db #0x04	; 4
      000024 09                     134 	.db #0x09	; 9
      000025 21                     135 	.db #0x21	; 33
      000026 11 01                  136 	.byte #0x11, #0x01	; 273
      000028 00                     137 	.db #0x00	; 0
      000029 01                     138 	.db #0x01	; 1
      00002A 22                     139 	.db #0x22	; 34
      00002B 34 00                  140 	.byte #0x34, #0x00	; 52
      00002D 07                     141 	.db #0x07	; 7
      00002E 05                     142 	.db #0x05	; 5
      00002F 81                     143 	.db #0x81	; 129
      000030 03                     144 	.db #0x03	; 3
      000031 08 00                  145 	.byte #0x08, #0x00	; 8
      000033 0A                     146 	.db #0x0a	; 10
                                    147 	.area CSEG    (CODE)
                                    148 	.area CONST   (CODE)
      000034                        149 _ReportDescr:
      000034 05                     150 	.db #0x05	; 5
      000035 01                     151 	.db #0x01	; 1
      000036 09                     152 	.db #0x09	; 9
      000037 02                     153 	.db #0x02	; 2
      000038 A1                     154 	.db #0xa1	; 161
      000039 01                     155 	.db #0x01	; 1
      00003A 09                     156 	.db #0x09	; 9
      00003B 01                     157 	.db #0x01	; 1
      00003C A1                     158 	.db #0xa1	; 161
      00003D 00                     159 	.db #0x00	; 0
      00003E 05                     160 	.db #0x05	; 5
      00003F 09                     161 	.db #0x09	; 9
      000040 19                     162 	.db #0x19	; 25
      000041 01                     163 	.db #0x01	; 1
      000042 29                     164 	.db #0x29	; 41
      000043 03                     165 	.db #0x03	; 3
      000044 15                     166 	.db #0x15	; 21
      000045 00                     167 	.db #0x00	; 0
      000046 25                     168 	.db #0x25	; 37
      000047 01                     169 	.db #0x01	; 1
      000048 75                     170 	.db #0x75	; 117	'u'
      000049 01                     171 	.db #0x01	; 1
      00004A 95                     172 	.db #0x95	; 149
      00004B 03                     173 	.db #0x03	; 3
      00004C 81                     174 	.db #0x81	; 129
      00004D 02                     175 	.db #0x02	; 2
      00004E 75                     176 	.db #0x75	; 117	'u'
      00004F 05                     177 	.db #0x05	; 5
      000050 95                     178 	.db #0x95	; 149
      000051 01                     179 	.db #0x01	; 1
      000052 81                     180 	.db #0x81	; 129
      000053 03                     181 	.db #0x03	; 3
      000054 05                     182 	.db #0x05	; 5
      000055 01                     183 	.db #0x01	; 1
      000056 09                     184 	.db #0x09	; 9
      000057 30                     185 	.db #0x30	; 48	'0'
      000058 09                     186 	.db #0x09	; 9
      000059 31                     187 	.db #0x31	; 49	'1'
      00005A 09                     188 	.db #0x09	; 9
      00005B 38                     189 	.db #0x38	; 56	'8'
      00005C 15                     190 	.db #0x15	; 21
      00005D 81                     191 	.db #0x81	; 129
      00005E 25                     192 	.db #0x25	; 37
      00005F 7F                     193 	.db #0x7f	; 127
      000060 75                     194 	.db #0x75	; 117	'u'
      000061 08                     195 	.db #0x08	; 8
      000062 95                     196 	.db #0x95	; 149
      000063 03                     197 	.db #0x03	; 3
      000064 81                     198 	.db #0x81	; 129
      000065 06                     199 	.db #0x06	; 6
      000066 C0                     200 	.db #0xc0	; 192
      000067 C0                     201 	.db #0xc0	; 192
                                    202 	.area CSEG    (CODE)
                                    203 	.area CONST   (CODE)
      000068                        204 _ReportDescrLen:
      000068 34                     205 	.db #0x34	; 52	'4'
                                    206 	.area CSEG    (CODE)
                                    207 	.area CONST   (CODE)
      000069                        208 _LangDescr:
      000069 04 03                  209 	.byte #0x04, #0x03	; 772
      00006B 09 04                  210 	.byte #0x09, #0x04	; 1033
                                    211 	.area CSEG    (CODE)
                                    212 	.area CONST   (CODE)
      00006D                        213 _ManufDescr:
      00006D 18 03                  214 	.byte #0x18, #0x03	; 792
      00006F 77 00                  215 	.byte #0x77, #0x00	; 119
      000071 61 00                  216 	.byte #0x61, #0x00	; 97
      000073 67 00                  217 	.byte #0x67, #0x00	; 103
      000075 69 00                  218 	.byte #0x69, #0x00	; 105
      000077 6D 00                  219 	.byte #0x6d, #0x00	; 109
      000079 69 00                  220 	.byte #0x69, #0x00	; 105
      00007B 6E 00                  221 	.byte #0x6e, #0x00	; 110
      00007D 61 00                  222 	.byte #0x61, #0x00	; 97
      00007F 74 00                  223 	.byte #0x74, #0x00	; 116
      000081 6F 00                  224 	.byte #0x6f, #0x00	; 111
      000083 72 00                  225 	.byte #0x72, #0x00	; 114
                                    226 	.area CSEG    (CODE)
                                    227 	.area CONST   (CODE)
      000085                        228 _ProdDescr:
      000085 1A 03                  229 	.byte #0x1a, #0x03	; 794
      000087 4D 00                  230 	.byte #0x4d, #0x00	; 77
      000089 6F 00                  231 	.byte #0x6f, #0x00	; 111
      00008B 75 00                  232 	.byte #0x75, #0x00	; 117
      00008D 73 00                  233 	.byte #0x73, #0x00	; 115
      00008F 65 00                  234 	.byte #0x65, #0x00	; 101
      000091 57 00                  235 	.byte #0x57, #0x00	; 87
      000093 69 00                  236 	.byte #0x69, #0x00	; 105
      000095 67 00                  237 	.byte #0x67, #0x00	; 103
      000097 67 00                  238 	.byte #0x67, #0x00	; 103
      000099 6C 00                  239 	.byte #0x6c, #0x00	; 108
      00009B 65 00                  240 	.byte #0x65, #0x00	; 101
      00009D 72 00                  241 	.byte #0x72, #0x00	; 114
                                    242 	.area CSEG    (CODE)
                                    243 	.area CONST   (CODE)
      00009F                        244 _SerDescr:
      00009F 0E 03                  245 	.byte #0x0e, #0x03	; 782
      0000A1 43 00                  246 	.byte #0x43, #0x00	; 67
      0000A3 48 00                  247 	.byte #0x48, #0x00	; 72
      0000A5 35 00                  248 	.byte #0x35, #0x00	; 53
      0000A7 35 00                  249 	.byte #0x35, #0x00	; 53
      0000A9 32 00                  250 	.byte #0x32, #0x00	; 50
      0000AB 45 00                  251 	.byte #0x45, #0x00	; 69
                                    252 	.area CSEG    (CODE)
                                    253 	.area CONST   (CODE)
      0000AD                        254 _InterfDescr:
      0000AD 14 03                  255 	.byte #0x14, #0x03	; 788
      0000AF 48 00                  256 	.byte #0x48, #0x00	; 72
      0000B1 49 00                  257 	.byte #0x49, #0x00	; 73
      0000B3 44 00                  258 	.byte #0x44, #0x00	; 68
      0000B5 2D 00                  259 	.byte #0x2d, #0x00	; 45
      0000B7 4D 00                  260 	.byte #0x4d, #0x00	; 77
      0000B9 6F 00                  261 	.byte #0x6f, #0x00	; 111
      0000BB 75 00                  262 	.byte #0x75, #0x00	; 117
      0000BD 73 00                  263 	.byte #0x73, #0x00	; 115
      0000BF 65 00                  264 	.byte #0x65, #0x00	; 101
                                    265 	.area CSEG    (CODE)
                                    266 	.area CABS    (ABS,CODE)
